
> cps-temp@0.1.0 build
> next build

node.exe :  ΓÜá Warning: 
Next.js inferred your 
workspace root, but it 
may not be correct.
At line:1 char:1
+ & "C:\Program 
Files\nodejs/node.exe" 
"C:\Program 
Files\nodejs/node_mo ...
+ ~~~~~~~~~~~~~~~~~~~~~~~~
~~~~~~~~~~~~~~~~~~~~~~~~~~
~~~~~~~~~~~~~~~~~~~
    + CategoryInfo        
      : NotSpecified: (   
  ΓÜá Warning: N...not    
 be correct.:String) [    
], RemoteException
    + FullyQualifiedError 
   Id : NativeCommandErr  
  or
 
 We detected multiple 
lockfiles and selected 
the directory of C:\Users\
predator\package-lock.json
 as the root directory.
 To silence this warning, 
set 
`outputFileTracingRoot` 
in your Next.js config, 
or consider removing one 
of the lockfiles if it's 
not needed.
   See https://nextjs.org/
docs/app/api-reference/con
fig/next-config-js/output#
caveats for more 
information.
 Detected additional 
lockfiles: 
   * C:\Users\predator\Des
ktop\CafetariaQR\Cafeteria
QR\package-lock.json

   Γû▓ Next.js 15.5.14
   - Environments: .env.local

   Creating an optimized production build ...
 Γ£ô Compiled successfully in 2.8s
   Skipping linting
   Checking validity of types ...
Failed to compile.

./src/lib/mail.ts:1:24
Type error: Could not 
find a declaration file 
for module 'nodemailer'. '
C:/Users/predator/Desktop/
CafetariaQR/CafeteriaQR/no
de_modules/nodemailer/lib/
nodemailer.js' implicitly 
has an 'any' type.
  Try `npm i --save-dev 
@types/nodemailer` if it 
exists or add a new 
declaration (.d.ts) file 
containing `declare 
module 'nodemailer';`

[0m[31m[1m>[22m[39m[
90m 1 |[39m 
[36mimport[39m 
nodemailer [36mfrom[39m 
[32m'nodemailer'[39m[33
m;[39m
 [90m   |[39m           
             
[31m[1m^[22m[39m
 [90m 2 |[39m
 [90m 3 |[39m 
[36mconst[39m 
transporter [33m=[39m no
demailer[33m.[39mcreateT
ransport({
 [90m 4 |[39m   
host[33m:[39m process[3
3m.[39menv[33m.[39m[33
mEMAIL_HOST[39m[33m,[39
m[0m
Next.js build worker 
exited with code: 1 and 
signal: null
